
Evaluating: Sony WF-1000XM5
Score: 8.5
Reason: 製品情報からノイズキャンセリング性能は「世界最高クラス」と謳われており、Amazonレビューでも電車の音が完全に消える、人の話し声もカットされると高評価を得ているため、9.0点をベースとする。価格が40000円と高価であることを考慮し、-0.5点。

Evaluating: Budget Model A (Anker P40i)
Score: 5.8
Reason: ノイズキャンセリング性能については、価格の割に効くという高評価がある一方で、風切り音や高音のノイズを消せないという低評価も見られます。スペック上は「ウルトラノイズキャンセリング2.0」とありますが、具体的な性能に関する詳細な情報がないため、平均的な5.0からスタートします。高評価レビューにより+0.8点しますが、風切り音に関するネガティブなレビューが外での使用を妨げる可能性を示唆するため、-0.5点します。また高音ノイズが消えないというレビューから-0.5点します。合計で5.8点とします。

Evaluating: Defective Model X
Score: 4
Reason: ノイズキャンセリング性能に関する情報がスペック・レビューから一切得られないため、初期値として5.0を適用します。ただし、価格が安く、低評価レビューで製品の基本的な機能（片耳から音が出ない、接続不良、充電不良）に関する問題が報告されているため、ノイズキャンセリング性能以前に製品としての信頼性が低いと判断し、1.0減点しました。
